ModuleNotFoundError: No module named 'src'
